Copyright 1986-2019 Xilinx, Inc. All Rights Reserved.
----------------------------------------------------------------------------------------------
| Tool Version      : Vivado v.2019.2 (lin64) Build 2708876 Wed Nov  6 21:39:14 MST 2019
| Date              : Thu Nov 19 19:36:11 2020
| Host              : higgs.physics.ucsb.edu running 64-bit unknown
| Command           : report_clock_utilization -file LED_blinker_clock_utilization_routed.rpt
| Design            : LED_blinker
| Device            : xcku040-ffva1156
| Speed File        : -2  PRODUCTION 1.25 12-04-2018
| Temperature Grade : E
| Design State      : Routed
----------------------------------------------------------------------------------------------

Clock Utilization Report

Table of Contents
-----------------
1. Clock Primitive Utilization
2. Global Clock Resources
3. Global Clock Source Details
4. Clock Regions : Clock Primitives
5. Clock Regions : Load Primitives
6. Clock Regions : Global Clock Summary
7. Clock Regions : Routing Resource Utilization
8. Device Cell Placement Summary for Global Clock g0
9. Device Cell Placement Summary for Global Clock g1
10. Device Cell Placement Summary for Global Clock g2
11. Device Cell Placement Summary for Global Clock g3
12. Device Cell Placement Summary for Global Clock g4
13. Device Cell Placement Summary for Global Clock g5
14. Device Cell Placement Summary for Global Clock g6
15. Device Cell Placement Summary for Global Clock g7
16. Device Cell Placement Summary for Global Clock g8
17. Clock Region Cell Placement per Global Clock: Region X2Y0
18. Clock Region Cell Placement per Global Clock: Region X1Y1
19. Clock Region Cell Placement per Global Clock: Region X2Y1
20. Clock Region Cell Placement per Global Clock: Region X2Y2
21. Clock Region Cell Placement per Global Clock: Region X2Y3

1. Clock Primitive Utilization
------------------------------

+------------+------+-----------+-----+--------------+--------+
| Type       | Used | Available | LOC | Clock Region | Pblock |
+------------+------+-----------+-----+--------------+--------+
| BUFGCE     |    4 |       240 |   0 |            0 |      0 |
| BUFGCE_DIV |    0 |        40 |   0 |            0 |      0 |
| BUFGCTRL   |    0 |        80 |   0 |            0 |      0 |
| BUFG_GT    |    5 |       120 |   0 |            0 |      0 |
| MMCM       |    0 |        10 |   0 |            0 |      0 |
| PLL        |    0 |        20 |   0 |            0 |      0 |
+------------+------+-----------+-----+--------------+--------+


2. Global Clock Resources
-------------------------

+-----------+-----------+-----------------+------------+---------------+--------------+------+-------------------+-------------------+-------------+-----------------+--------------+-------+-------------------+-----------+
| Global Id | Source Id | Driver Type/Pin | Constraint | Site          | Clock Region | Root | Clock Delay Group | Load Clock Region | Clock Loads | Non-Clock Loads | Clock Period | Clock | Driver Pin        | Net       |
+-----------+-----------+-----------------+------------+---------------+--------------+------+-------------------+-------------------+-------------+-----------------+--------------+-------+-------------------+-----------+
| g0        | src0      | BUFGCE/O        | None       | BUFGCE_X0Y110 | X0Y4         | X2Y1 |                   |                 1 |          33 |               0 |              |       | BUFG_EMCCLK/O     | clk_emc   |
| g1        | src1      | BUFGCE/O        | None       | BUFGCE_X0Y8   | X0Y0         | X1Y1 |                   |                 1 |          33 |               0 |              |       | BUFG_GP6/O        | clk_gp_6  |
| g2        | src2      | BUFGCE/O        | None       | BUFGCE_X1Y98  | X2Y4         | X2Y1 |                   |                 1 |          33 |               0 |              |       | BUFG_GP7/O        | clk_gp_7  |
| g3        | src3      | BUFG_GT/O       | None       | BUFG_GT_X0Y0  | X3Y0         | X2Y0 |                   |                 1 |          33 |               0 |              |       | u_bufg_gt_clk_1/O | clk_ref_1 |
| g4        | src4      | BUFG_GT/O       | None       | BUFG_GT_X0Y73 | X3Y3         | X2Y2 |                   |                 1 |          33 |               0 |              |       | u_bufg_gt_clk_2/O | clk_ref_2 |
| g5        | src5      | BUFG_GT/O       | None       | BUFG_GT_X0Y48 | X3Y2         | X2Y2 |                   |                 1 |          33 |               0 |              |       | u_bufg_gt_clk_3/O | clk_ref_3 |
| g6        | src6      | BUFG_GT/O       | None       | BUFG_GT_X0Y24 | X3Y1         | X2Y1 |                   |                 1 |          33 |               0 |              |       | u_bufg_gt_clk_4/O | clk_ref_4 |
| g7        | src7      | BUFG_GT/O       | None       | BUFG_GT_X0Y72 | X3Y3         | X2Y3 |                   |                 1 |          33 |               0 |              |       | u_bufg_gt_clk_5/O | clk_ref_5 |
| g8        | src8      | BUFGCE/O        | None       | BUFGCE_X0Y26  | X0Y1         | X1Y1 |                   |                 1 |          33 |               0 |              |       | BUFG_CMS/O        | cms_clk   |
+-----------+-----------+-----------------+------------+---------------+--------------+------+-------------------+-------------------+-------------+-----------------+--------------+-------+-------------------+-----------+
* Clock Loads column represents the clock pin loads (pin count)
** Non-Clock Loads column represents the non-clock pin loads (pin count)


3. Global Clock Source Details
------------------------------

+-----------+-----------+-------------------+-------------------+-------------------+--------------+-------------+-----------------+---------------------+--------------+------------------------------+--------------------+
| Source Id | Global Id | Driver Type/Pin   | Constraint        | Site              | Clock Region | Clock Loads | Non-Clock Loads | Source Clock Period | Source Clock | Driver Pin                   | Net                |
+-----------+-----------+-------------------+-------------------+-------------------+--------------+-------------+-----------------+---------------------+--------------+------------------------------+--------------------+
| src0      | g0        | IBUFCTRL/O        | IOB_X1Y101        | IOB_X1Y101        | X2Y1         |           1 |               0 |                     |              | IBUFG_EMCCLK/IBUFCTRL_INST/O | IBUFG_EMCCLK/O     |
| src1      | g1        | IBUFCTRL/O        | IOB_X0Y28         | IOB_X0Y28         | X0Y0         |           1 |               0 |                     |              | IBUFGDS_GP6/IBUFCTRL_INST/O  | IBUFGDS_GP6/O      |
| src2      | g2        | IBUFCTRL/O        | IOB_X1Y231        | IOB_X1Y231        | X2Y4         |           1 |               0 |                     |              | IBUFGDS_GP7/IBUFCTRL_INST/O  | IBUFGDS_GP7/O      |
| src3      | g3        | IBUFDS_GTE3/ODIV2 | GTHE3_COMMON_X0Y0 | GTHE3_COMMON_X0Y0 | X3Y0         |           2 |               0 |                     |              | u_buf_gth_clk_1/ODIV2        | mgtrefclk1_odiv2_i |
| src4      | g4        | IBUFDS_GTE3/ODIV2 | GTHE3_COMMON_X0Y3 | GTHE3_COMMON_X0Y3 | X3Y3         |           2 |               0 |                     |              | u_buf_gth_clk_2/ODIV2        | mgtrefclk2_odiv2_i |
| src5      | g5        | IBUFDS_GTE3/ODIV2 | GTHE3_COMMON_X0Y2 | GTHE3_COMMON_X0Y2 | X3Y2         |           2 |               0 |                     |              | u_buf_gth_clk_3/ODIV2        | mgtrefclk3_odiv2_i |
| src6      | g6        | IBUFDS_GTE3/ODIV2 | GTHE3_COMMON_X0Y1 | GTHE3_COMMON_X0Y1 | X3Y1         |           2 |               0 |                     |              | u_buf_gth_clk_4/ODIV2        | mgtrefclk4_odiv2_i |
| src7      | g7        | IBUFDS_GTE3/ODIV2 | GTHE3_COMMON_X0Y3 | GTHE3_COMMON_X0Y3 | X3Y3         |           2 |               0 |                     |              | u_buf_gth_clk_5/ODIV2        | mgtrefclk5_odiv2_i |
| src8      | g8        | IBUFCTRL/O        | IOB_X0Y75         | IOB_X0Y75         | X0Y1         |           1 |               0 |                     |              | IBUFGDS_CMS/IBUFCTRL_INST/O  | IBUFGDS_CMS/O      |
+-----------+-----------+-------------------+-------------------+-------------------+--------------+-------------+-----------------+---------------------+--------------+------------------------------+--------------------+
* Clock Loads column represents the clock pin loads (pin count)
** Non-Clock Loads column represents the non-clock pin loads (pin count)


4. Clock Regions : Clock Primitives
-----------------------------------

+-------------------+--------------+--------------+--------------+--------------+--------------+--------------+--------------+
|                   | Global Clock |    BUFGCE    |  BUFGCE_DIV  |   BUFGCTRL   |    BUFG_GT   |     MMCM     |      PLL     |
+-------------------+------+-------+------+-------+------+-------+------+-------+------+-------+------+-------+------+-------+
| Clock Region Name | Used | Avail | Used | Avail | Used | Avail | Used | Avail | Used | Avail | Used | Avail | Used | Avail |
+-------------------+------+-------+------+-------+------+-------+------+-------+------+-------+------+-------+------+-------+
| X0Y0              |    1 |    24 |    1 |    24 |    0 |     4 |    0 |     8 |    0 |     0 |    0 |     1 |    0 |     2 |
| X1Y0              |    1 |    24 |    0 |     0 |    0 |     0 |    0 |     0 |    0 |     0 |    0 |     0 |    0 |     0 |
| X2Y0              |    1 |    24 |    0 |    24 |    0 |     4 |    0 |     8 |    0 |     0 |    0 |     1 |    0 |     2 |
| X3Y0              |    1 |    24 |    0 |     0 |    0 |     0 |    0 |     0 |    1 |    24 |    0 |     0 |    0 |     0 |
| X0Y1              |    1 |    24 |    1 |    24 |    0 |     4 |    0 |     8 |    0 |     0 |    0 |     1 |    0 |     2 |
| X1Y1              |    2 |    24 |    0 |     0 |    0 |     0 |    0 |     0 |    0 |     0 |    0 |     0 |    0 |     0 |
| X2Y1              |    3 |    24 |    0 |    24 |    0 |     4 |    0 |     8 |    0 |     0 |    0 |     1 |    0 |     2 |
| X3Y1              |    1 |    24 |    0 |     0 |    0 |     0 |    0 |     0 |    1 |    24 |    0 |     0 |    0 |     0 |
| X0Y2              |    0 |    24 |    0 |    24 |    0 |     4 |    0 |     8 |    0 |     0 |    0 |     1 |    0 |     2 |
| X1Y2              |    0 |    24 |    0 |     0 |    0 |     0 |    0 |     0 |    0 |     0 |    0 |     0 |    0 |     0 |
| X2Y2              |    4 |    24 |    0 |    24 |    0 |     4 |    0 |     8 |    0 |     0 |    0 |     1 |    0 |     2 |
| X3Y2              |    1 |    24 |    0 |     0 |    0 |     0 |    0 |     0 |    1 |    24 |    0 |     0 |    0 |     0 |
| X0Y3              |    0 |    24 |    0 |    24 |    0 |     4 |    0 |     8 |    0 |     0 |    0 |     1 |    0 |     2 |
| X1Y3              |    0 |    24 |    0 |     0 |    0 |     0 |    0 |     0 |    0 |     0 |    0 |     0 |    0 |     0 |
| X2Y3              |    4 |    24 |    0 |    24 |    0 |     4 |    0 |     8 |    0 |     0 |    0 |     1 |    0 |     2 |
| X3Y3              |    2 |    24 |    0 |     0 |    0 |     0 |    0 |     0 |    2 |    24 |    0 |     0 |    0 |     0 |
| X0Y4              |    1 |    24 |    1 |    24 |    0 |     4 |    0 |     8 |    0 |     0 |    0 |     1 |    0 |     2 |
| X1Y4              |    1 |    24 |    0 |     0 |    0 |     0 |    0 |     0 |    0 |     0 |    0 |     0 |    0 |     0 |
| X2Y4              |    2 |    24 |    1 |    24 |    0 |     4 |    0 |     8 |    0 |     0 |    0 |     1 |    0 |     2 |
| X3Y4              |    0 |    24 |    0 |     0 |    0 |     0 |    0 |     0 |    0 |    24 |    0 |     0 |    0 |     0 |
+-------------------+------+-------+------+-------+------+-------+------+-------+------+-------+------+-------+------+-------+
* Global Clock column represents track count; while other columns represents cell counts


5. Clock Regions : Load Primitives
----------------------------------

+-------------------+------------------+------------------+------------------+------------------+------------------+------------------+------------------+
|                   |   Global Clock   |        FF        |      LUTRAM      |  Block RAM (18K) |        DSP       |        GT        |      HARD IP     |
+-------------------+--------+---------+--------+---------+--------+---------+--------+---------+--------+---------+--------+---------+--------+---------+
| Clock Region Name | Used   | Avail   | Used   | Avail   | Used   | Avail   | Used   | Avail   | Used   | Avail   | Used   | Avail   | Used   | Avail   |
+-------------------+--------+---------+--------+---------+--------+---------+--------+---------+--------+---------+--------+---------+--------+---------+
| X0Y0              |      1 |      24 |      0 |   23040 |      0 |    5760 |      0 |      72 |      0 |      96 |      0 |       0 |      0 |       0 |
| X1Y0              |      1 |      24 |      0 |   24000 |      0 |    6240 |      0 |      72 |      0 |      96 |      0 |       0 |      0 |       0 |
| X2Y0              |      1 |      24 |     33 |   25920 |      0 |    7200 |      0 |      48 |      0 |     144 |      0 |       0 |      0 |       0 |
| X3Y0              |      1 |      24 |      0 |   24000 |      0 |    3360 |      0 |      48 |      0 |      48 |      0 |       4 |      0 |       1 |
| X0Y1              |      1 |      24 |      0 |   23040 |      0 |    5760 |      0 |      72 |      0 |      96 |      0 |       0 |      0 |       0 |
| X1Y1              |      2 |      24 |     66 |   24000 |      0 |    6240 |      0 |      72 |      0 |      96 |      0 |       0 |      0 |       0 |
| X2Y1              |      3 |      24 |     99 |   25920 |      0 |    7200 |      0 |      48 |      0 |     144 |      0 |       0 |      0 |       0 |
| X3Y1              |      1 |      24 |      0 |   24000 |      0 |    3360 |      0 |      48 |      0 |      48 |      0 |       4 |      0 |       0 |
| X0Y2              |      0 |      24 |      0 |   23040 |      0 |    5760 |      0 |      72 |      0 |      96 |      0 |       0 |      0 |       0 |
| X1Y2              |      0 |      24 |      0 |   24000 |      0 |    6240 |      0 |      72 |      0 |      96 |      0 |       0 |      0 |       0 |
| X2Y2              |      4 |      24 |     66 |   25920 |      0 |    7200 |      0 |      48 |      0 |     144 |      0 |       0 |      0 |       0 |
| X3Y2              |      1 |      24 |      0 |   24000 |      0 |    3360 |      0 |      48 |      0 |      48 |      0 |       4 |      0 |       0 |
| X0Y3              |      0 |      24 |      0 |   23040 |      0 |    5760 |      0 |      72 |      0 |      96 |      0 |       0 |      0 |       0 |
| X1Y3              |      0 |      24 |      0 |   24000 |      0 |    6240 |      0 |      72 |      0 |      96 |      0 |       0 |      0 |       0 |
| X2Y3              |      4 |      24 |     33 |   25920 |      0 |    7200 |      0 |      48 |      0 |     144 |      0 |       0 |      0 |       0 |
| X3Y3              |      2 |      24 |      0 |   24000 |      0 |    3360 |      0 |      48 |      0 |      48 |      0 |       4 |      0 |       1 |
| X0Y4              |      1 |      24 |      0 |   23040 |      0 |    5760 |      0 |      72 |      0 |      96 |      0 |       0 |      0 |       0 |
| X1Y4              |      1 |      24 |      0 |   24000 |      0 |    6240 |      0 |      72 |      0 |      96 |      0 |       0 |      0 |       0 |
| X2Y4              |      2 |      24 |      0 |   25920 |      0 |    7200 |      0 |      48 |      0 |     144 |      0 |       0 |      0 |       0 |
| X3Y4              |      0 |      24 |      0 |   24000 |      0 |    3360 |      0 |      48 |      0 |      48 |      0 |       4 |      0 |       1 |
+-------------------+--------+---------+--------+---------+--------+---------+--------+---------+--------+---------+--------+---------+--------+---------+
* Global Clock column represents track count; while other columns represents cell counts


6. Clock Regions : Global Clock Summary
---------------------------------------

All Modules
+----+----+----+----+----+
|    | X0 | X1 | X2 | X3 |
+----+----+----+----+----+
| Y4 |  0 |  0 |  0 |  0 |
| Y3 |  0 |  0 |  4 |  0 |
| Y2 |  0 |  0 |  4 |  0 |
| Y1 |  0 |  2 |  3 |  0 |
| Y0 |  0 |  0 |  1 |  0 |
+----+----+----+----+----+


7. Clock Regions : Routing Resource Utilization
-----------------------------------------------

All Modules
+-------------------+----------------------+----------------------+----------------------+----------------------+
|                   |        HROUTES       |        HDISTRS       |        VROUTES       |        VDISTRS       |
+-------------------+------+-------+-------+------+-------+-------+------+-------+-------+------+-------+-------+
| Clock Region Name | Used | Avail | Util% | Used | Avail | Util% | Used | Avail | Util% | Used | Avail | Util% |
+-------------------+------+-------+-------+------+-------+-------+------+-------+-------+------+-------+-------+
| X0Y0              |    1 |    24 |  4.17 |    0 |    24 |  0.00 |    0 |    24 |  0.00 |    0 |    24 |  0.00 |
| X1Y0              |    1 |    24 |  4.17 |    0 |    24 |  0.00 |    0 |    24 |  0.00 |    0 |    24 |  0.00 |
| X2Y0              |    1 |    24 |  4.17 |    1 |    24 |  4.17 |    0 |    24 |  0.00 |    1 |    24 |  4.17 |
| X3Y0              |    1 |    24 |  4.17 |    0 |    24 |  0.00 |    0 |    24 |  0.00 |    0 |    24 |  0.00 |
| X0Y1              |    1 |    24 |  4.17 |    0 |    24 |  0.00 |    0 |    24 |  0.00 |    0 |    24 |  0.00 |
| X1Y1              |    1 |    24 |  4.17 |    2 |    24 |  8.33 |    1 |    24 |  4.17 |    2 |    24 |  8.33 |
| X2Y1              |    1 |    24 |  4.17 |    3 |    24 | 12.50 |    2 |    24 |  8.33 |    3 |    24 | 12.50 |
| X3Y1              |    1 |    24 |  4.17 |    0 |    24 |  0.00 |    0 |    24 |  0.00 |    0 |    24 |  0.00 |
| X0Y2              |    0 |    24 |  0.00 |    0 |    24 |  0.00 |    0 |    24 |  0.00 |    0 |    24 |  0.00 |
| X1Y2              |    0 |    24 |  0.00 |    0 |    24 |  0.00 |    0 |    24 |  0.00 |    0 |    24 |  0.00 |
| X2Y2              |    1 |    24 |  4.17 |    2 |    24 |  8.33 |    3 |    24 | 12.50 |    2 |    24 |  8.33 |
| X3Y2              |    1 |    24 |  4.17 |    0 |    24 |  0.00 |    0 |    24 |  0.00 |    0 |    24 |  0.00 |
| X0Y3              |    0 |    24 |  0.00 |    0 |    24 |  0.00 |    0 |    24 |  0.00 |    0 |    24 |  0.00 |
| X1Y3              |    0 |    24 |  0.00 |    0 |    24 |  0.00 |    0 |    24 |  0.00 |    0 |    24 |  0.00 |
| X2Y3              |    2 |    24 |  8.33 |    1 |    24 |  4.17 |    3 |    24 | 12.50 |    1 |    24 |  4.17 |
| X3Y3              |    2 |    24 |  8.33 |    0 |    24 |  0.00 |    0 |    24 |  0.00 |    0 |    24 |  0.00 |
| X0Y4              |    1 |    24 |  4.17 |    0 |    24 |  0.00 |    0 |    24 |  0.00 |    0 |    24 |  0.00 |
| X1Y4              |    1 |    24 |  4.17 |    0 |    24 |  0.00 |    0 |    24 |  0.00 |    0 |    24 |  0.00 |
| X2Y4              |    2 |    24 |  8.33 |    0 |    24 |  0.00 |    2 |    24 |  8.33 |    0 |    24 |  0.00 |
| X3Y4              |    0 |    24 |  0.00 |    0 |    24 |  0.00 |    0 |    24 |  0.00 |    0 |    24 |  0.00 |
+-------------------+------+-------+-------+------+-------+-------+------+-------+-------+------+-------+-------+


8. Device Cell Placement Summary for Global Clock g0
----------------------------------------------------

+-----------+-----------------+-------------------+-------+-------------+---------------+----------+-------------+----------+----------------+----------+---------+
| Global Id | Driver Type/Pin | Driver Region (D) | Clock | Period (ns) | Waveform (ns) | Root (R) | Slice Loads | IO Loads | Clocking Loads | GT Loads | Net     |
+-----------+-----------------+-------------------+-------+-------------+---------------+----------+-------------+----------+----------------+----------+---------+
| g0        | BUFGCE/O        | X0Y4              |       |             |               | X2Y1     |          33 |        0 |              0 |        0 | clk_emc |
+-----------+-----------------+-------------------+-------+-------------+---------------+----------+-------------+----------+----------------+----------+---------+
* Slice Loads column represents load cell count of all cell types other than IO, GT and clock resources
** IO Loads column represents load cell count of IO types
*** Clocking Loads column represents load cell count that are clock resources (global clock buffer, MMCM, PLL, etc)
**** GT Loads column represents load cell count of GT types


+----+--------+----+--------+----+
|    | X0     | X1 | X2     | X3 |
+----+--------+----+--------+----+
| Y4 |  (D) 0 |  0 |      0 |  0 |
| Y3 |      0 |  0 |      0 |  0 |
| Y2 |      0 |  0 |      0 |  0 |
| Y1 |      0 |  0 | (R) 33 |  0 |
| Y0 |      0 |  0 |      0 |  0 |
+----+--------+----+--------+----+


9. Device Cell Placement Summary for Global Clock g1
----------------------------------------------------

+-----------+-----------------+-------------------+-------+-------------+---------------+----------+-------------+----------+----------------+----------+----------+
| Global Id | Driver Type/Pin | Driver Region (D) | Clock | Period (ns) | Waveform (ns) | Root (R) | Slice Loads | IO Loads | Clocking Loads | GT Loads | Net      |
+-----------+-----------------+-------------------+-------+-------------+---------------+----------+-------------+----------+----------------+----------+----------+
| g1        | BUFGCE/O        | X0Y0              |       |             |               | X1Y1     |          33 |        0 |              0 |        0 | clk_gp_6 |
+-----------+-----------------+-------------------+-------+-------------+---------------+----------+-------------+----------+----------------+----------+----------+
* Slice Loads column represents load cell count of all cell types other than IO, GT and clock resources
** IO Loads column represents load cell count of IO types
*** Clocking Loads column represents load cell count that are clock resources (global clock buffer, MMCM, PLL, etc)
**** GT Loads column represents load cell count of GT types


+----+--------+--------+----+----+
|    | X0     | X1     | X2 | X3 |
+----+--------+--------+----+----+
| Y4 |      0 |      0 |  0 |  0 |
| Y3 |      0 |      0 |  0 |  0 |
| Y2 |      0 |      0 |  0 |  0 |
| Y1 |      0 | (R) 33 |  0 |  0 |
| Y0 |  (D) 0 |      0 |  0 |  0 |
+----+--------+--------+----+----+


10. Device Cell Placement Summary for Global Clock g2
-----------------------------------------------------

+-----------+-----------------+-------------------+-------+-------------+---------------+----------+-------------+----------+----------------+----------+----------+
| Global Id | Driver Type/Pin | Driver Region (D) | Clock | Period (ns) | Waveform (ns) | Root (R) | Slice Loads | IO Loads | Clocking Loads | GT Loads | Net      |
+-----------+-----------------+-------------------+-------+-------------+---------------+----------+-------------+----------+----------------+----------+----------+
| g2        | BUFGCE/O        | X2Y4              |       |             |               | X2Y1     |          33 |        0 |              0 |        0 | clk_gp_7 |
+-----------+-----------------+-------------------+-------+-------------+---------------+----------+-------------+----------+----------------+----------+----------+
* Slice Loads column represents load cell count of all cell types other than IO, GT and clock resources
** IO Loads column represents load cell count of IO types
*** Clocking Loads column represents load cell count that are clock resources (global clock buffer, MMCM, PLL, etc)
**** GT Loads column represents load cell count of GT types


+----+----+----+--------+----+
|    | X0 | X1 | X2     | X3 |
+----+----+----+--------+----+
| Y4 |  0 |  0 |  (D) 0 |  0 |
| Y3 |  0 |  0 |      0 |  0 |
| Y2 |  0 |  0 |      0 |  0 |
| Y1 |  0 |  0 | (R) 33 |  0 |
| Y0 |  0 |  0 |      0 |  0 |
+----+----+----+--------+----+


11. Device Cell Placement Summary for Global Clock g3
-----------------------------------------------------

+-----------+-----------------+-------------------+-------+-------------+---------------+----------+-------------+----------+----------------+----------+-----------+
| Global Id | Driver Type/Pin | Driver Region (D) | Clock | Period (ns) | Waveform (ns) | Root (R) | Slice Loads | IO Loads | Clocking Loads | GT Loads | Net       |
+-----------+-----------------+-------------------+-------+-------------+---------------+----------+-------------+----------+----------------+----------+-----------+
| g3        | BUFG_GT/O       | X3Y0              |       |             |               | X2Y0     |          33 |        0 |              0 |        0 | clk_ref_1 |
+-----------+-----------------+-------------------+-------+-------------+---------------+----------+-------------+----------+----------------+----------+-----------+
* Slice Loads column represents load cell count of all cell types other than IO, GT and clock resources
** IO Loads column represents load cell count of IO types
*** Clocking Loads column represents load cell count that are clock resources (global clock buffer, MMCM, PLL, etc)
**** GT Loads column represents load cell count of GT types


+----+----+----+--------+--------+
|    | X0 | X1 | X2     | X3     |
+----+----+----+--------+--------+
| Y4 |  0 |  0 |      0 |      0 |
| Y3 |  0 |  0 |      0 |      0 |
| Y2 |  0 |  0 |      0 |      0 |
| Y1 |  0 |  0 |      0 |      0 |
| Y0 |  0 |  0 | (R) 33 |  (D) 0 |
+----+----+----+--------+--------+


12. Device Cell Placement Summary for Global Clock g4
-----------------------------------------------------

+-----------+-----------------+-------------------+-------+-------------+---------------+----------+-------------+----------+----------------+----------+-----------+
| Global Id | Driver Type/Pin | Driver Region (D) | Clock | Period (ns) | Waveform (ns) | Root (R) | Slice Loads | IO Loads | Clocking Loads | GT Loads | Net       |
+-----------+-----------------+-------------------+-------+-------------+---------------+----------+-------------+----------+----------------+----------+-----------+
| g4        | BUFG_GT/O       | X3Y3              |       |             |               | X2Y2     |          33 |        0 |              0 |        0 | clk_ref_2 |
+-----------+-----------------+-------------------+-------+-------------+---------------+----------+-------------+----------+----------------+----------+-----------+
* Slice Loads column represents load cell count of all cell types other than IO, GT and clock resources
** IO Loads column represents load cell count of IO types
*** Clocking Loads column represents load cell count that are clock resources (global clock buffer, MMCM, PLL, etc)
**** GT Loads column represents load cell count of GT types


+----+----+----+--------+--------+
|    | X0 | X1 | X2     | X3     |
+----+----+----+--------+--------+
| Y4 |  0 |  0 |      0 |      0 |
| Y3 |  0 |  0 |      0 |  (D) 0 |
| Y2 |  0 |  0 | (R) 33 |      0 |
| Y1 |  0 |  0 |      0 |      0 |
| Y0 |  0 |  0 |      0 |      0 |
+----+----+----+--------+--------+


13. Device Cell Placement Summary for Global Clock g5
-----------------------------------------------------

+-----------+-----------------+-------------------+-------+-------------+---------------+----------+-------------+----------+----------------+----------+-----------+
| Global Id | Driver Type/Pin | Driver Region (D) | Clock | Period (ns) | Waveform (ns) | Root (R) | Slice Loads | IO Loads | Clocking Loads | GT Loads | Net       |
+-----------+-----------------+-------------------+-------+-------------+---------------+----------+-------------+----------+----------------+----------+-----------+
| g5        | BUFG_GT/O       | X3Y2              |       |             |               | X2Y2     |          33 |        0 |              0 |        0 | clk_ref_3 |
+-----------+-----------------+-------------------+-------+-------------+---------------+----------+-------------+----------+----------------+----------+-----------+
* Slice Loads column represents load cell count of all cell types other than IO, GT and clock resources
** IO Loads column represents load cell count of IO types
*** Clocking Loads column represents load cell count that are clock resources (global clock buffer, MMCM, PLL, etc)
**** GT Loads column represents load cell count of GT types


+----+----+----+--------+--------+
|    | X0 | X1 | X2     | X3     |
+----+----+----+--------+--------+
| Y4 |  0 |  0 |      0 |      0 |
| Y3 |  0 |  0 |      0 |      0 |
| Y2 |  0 |  0 | (R) 33 |  (D) 0 |
| Y1 |  0 |  0 |      0 |      0 |
| Y0 |  0 |  0 |      0 |      0 |
+----+----+----+--------+--------+


14. Device Cell Placement Summary for Global Clock g6
-----------------------------------------------------

+-----------+-----------------+-------------------+-------+-------------+---------------+----------+-------------+----------+----------------+----------+-----------+
| Global Id | Driver Type/Pin | Driver Region (D) | Clock | Period (ns) | Waveform (ns) | Root (R) | Slice Loads | IO Loads | Clocking Loads | GT Loads | Net       |
+-----------+-----------------+-------------------+-------+-------------+---------------+----------+-------------+----------+----------------+----------+-----------+
| g6        | BUFG_GT/O       | X3Y1              |       |             |               | X2Y1     |          33 |        0 |              0 |        0 | clk_ref_4 |
+-----------+-----------------+-------------------+-------+-------------+---------------+----------+-------------+----------+----------------+----------+-----------+
* Slice Loads column represents load cell count of all cell types other than IO, GT and clock resources
** IO Loads column represents load cell count of IO types
*** Clocking Loads column represents load cell count that are clock resources (global clock buffer, MMCM, PLL, etc)
**** GT Loads column represents load cell count of GT types


+----+----+----+--------+--------+
|    | X0 | X1 | X2     | X3     |
+----+----+----+--------+--------+
| Y4 |  0 |  0 |      0 |      0 |
| Y3 |  0 |  0 |      0 |      0 |
| Y2 |  0 |  0 |      0 |      0 |
| Y1 |  0 |  0 | (R) 33 |  (D) 0 |
| Y0 |  0 |  0 |      0 |      0 |
+----+----+----+--------+--------+


15. Device Cell Placement Summary for Global Clock g7
-----------------------------------------------------

+-----------+-----------------+-------------------+-------+-------------+---------------+----------+-------------+----------+----------------+----------+-----------+
| Global Id | Driver Type/Pin | Driver Region (D) | Clock | Period (ns) | Waveform (ns) | Root (R) | Slice Loads | IO Loads | Clocking Loads | GT Loads | Net       |
+-----------+-----------------+-------------------+-------+-------------+---------------+----------+-------------+----------+----------------+----------+-----------+
| g7        | BUFG_GT/O       | X3Y3              |       |             |               | X2Y3     |          33 |        0 |              0 |        0 | clk_ref_5 |
+-----------+-----------------+-------------------+-------+-------------+---------------+----------+-------------+----------+----------------+----------+-----------+
* Slice Loads column represents load cell count of all cell types other than IO, GT and clock resources
** IO Loads column represents load cell count of IO types
*** Clocking Loads column represents load cell count that are clock resources (global clock buffer, MMCM, PLL, etc)
**** GT Loads column represents load cell count of GT types


+----+----+----+--------+--------+
|    | X0 | X1 | X2     | X3     |
+----+----+----+--------+--------+
| Y4 |  0 |  0 |      0 |      0 |
| Y3 |  0 |  0 | (R) 33 |  (D) 0 |
| Y2 |  0 |  0 |      0 |      0 |
| Y1 |  0 |  0 |      0 |      0 |
| Y0 |  0 |  0 |      0 |      0 |
+----+----+----+--------+--------+


16. Device Cell Placement Summary for Global Clock g8
-----------------------------------------------------

+-----------+-----------------+-------------------+-------+-------------+---------------+----------+-------------+----------+----------------+----------+---------+
| Global Id | Driver Type/Pin | Driver Region (D) | Clock | Period (ns) | Waveform (ns) | Root (R) | Slice Loads | IO Loads | Clocking Loads | GT Loads | Net     |
+-----------+-----------------+-------------------+-------+-------------+---------------+----------+-------------+----------+----------------+----------+---------+
| g8        | BUFGCE/O        | X0Y1              |       |             |               | X1Y1     |          33 |        0 |              0 |        0 | cms_clk |
+-----------+-----------------+-------------------+-------+-------------+---------------+----------+-------------+----------+----------------+----------+---------+
* Slice Loads column represents load cell count of all cell types other than IO, GT and clock resources
** IO Loads column represents load cell count of IO types
*** Clocking Loads column represents load cell count that are clock resources (global clock buffer, MMCM, PLL, etc)
**** GT Loads column represents load cell count of GT types


+----+--------+--------+----+----+
|    | X0     | X1     | X2 | X3 |
+----+--------+--------+----+----+
| Y4 |      0 |      0 |  0 |  0 |
| Y3 |      0 |      0 |  0 |  0 |
| Y2 |      0 |      0 |  0 |  0 |
| Y1 |  (D) 0 | (R) 33 |  0 |  0 |
| Y0 |      0 |      0 |  0 |  0 |
+----+--------+--------+----+----+


17. Clock Region Cell Placement per Global Clock: Region X2Y0
-------------------------------------------------------------

+-----------+-------+-----------------+------------+-------------+-----------------+----+--------+------+-----+----+------+-----+---------+-----------+
| Global Id | Track | Driver Type/Pin | Constraint | Clock Loads | Non-Clock Loads | FF | LUTRAM | RAMB | DSP | GT | MMCM | PLL | Hard IP | Net       |
+-----------+-------+-----------------+------------+-------------+-----------------+----+--------+------+-----+----+------+-----+---------+-----------+
| g3        | 0     | BUFG_GT/O       | None       |          33 |               0 | 33 |      0 |    0 |   0 |  0 |    0 |   0 |       0 | clk_ref_1 |
+-----------+-------+-----------------+------------+-------------+-----------------+----+--------+------+-----+----+------+-----+---------+-----------+
* Clock Loads column represents the clock pin loads (pin count)
** Non-Clock Loads column represents the non-clock pin loads (pin count)
*** Columns FF, LUTRAM, RAMB through 'Hard IP' represents load cell counts


18. Clock Region Cell Placement per Global Clock: Region X1Y1
-------------------------------------------------------------

+-----------+-------+-----------------+------------+-------------+-----------------+----+--------+------+-----+----+------+-----+---------+----------+
| Global Id | Track | Driver Type/Pin | Constraint | Clock Loads | Non-Clock Loads | FF | LUTRAM | RAMB | DSP | GT | MMCM | PLL | Hard IP | Net      |
+-----------+-------+-----------------+------------+-------------+-----------------+----+--------+------+-----+----+------+-----+---------+----------+
| g1        | 8     | BUFGCE/O        | None       |          33 |               0 | 33 |      0 |    0 |   0 |  0 |    0 |   0 |       0 | clk_gp_6 |
| g8        | 2     | BUFGCE/O        | None       |          33 |               0 | 33 |      0 |    0 |   0 |  0 |    0 |   0 |       0 | cms_clk  |
+-----------+-------+-----------------+------------+-------------+-----------------+----+--------+------+-----+----+------+-----+---------+----------+
* Clock Loads column represents the clock pin loads (pin count)
** Non-Clock Loads column represents the non-clock pin loads (pin count)
*** Columns FF, LUTRAM, RAMB through 'Hard IP' represents load cell counts


19. Clock Region Cell Placement per Global Clock: Region X2Y1
-------------------------------------------------------------

+-----------+-------+-----------------+------------+-------------+-----------------+----+--------+------+-----+----+------+-----+---------+-----------+
| Global Id | Track | Driver Type/Pin | Constraint | Clock Loads | Non-Clock Loads | FF | LUTRAM | RAMB | DSP | GT | MMCM | PLL | Hard IP | Net       |
+-----------+-------+-----------------+------------+-------------+-----------------+----+--------+------+-----+----+------+-----+---------+-----------+
| g0        | 14    | BUFGCE/O        | None       |          33 |               0 | 33 |      0 |    0 |   0 |  0 |    0 |   0 |       0 | clk_emc   |
| g2        | 2     | BUFGCE/O        | None       |          33 |               0 | 33 |      0 |    0 |   0 |  0 |    0 |   0 |       0 | clk_gp_7  |
| g6        | 0     | BUFG_GT/O       | None       |          33 |               0 | 33 |      0 |    0 |   0 |  0 |    0 |   0 |       0 | clk_ref_4 |
+-----------+-------+-----------------+------------+-------------+-----------------+----+--------+------+-----+----+------+-----+---------+-----------+
* Clock Loads column represents the clock pin loads (pin count)
** Non-Clock Loads column represents the non-clock pin loads (pin count)
*** Columns FF, LUTRAM, RAMB through 'Hard IP' represents load cell counts


20. Clock Region Cell Placement per Global Clock: Region X2Y2
-------------------------------------------------------------

+-----------+-------+-----------------+------------+-------------+-----------------+----+--------+------+-----+----+------+-----+---------+-----------+
| Global Id | Track | Driver Type/Pin | Constraint | Clock Loads | Non-Clock Loads | FF | LUTRAM | RAMB | DSP | GT | MMCM | PLL | Hard IP | Net       |
+-----------+-------+-----------------+------------+-------------+-----------------+----+--------+------+-----+----+------+-----+---------+-----------+
| g0+       | 14    | BUFGCE/O        | None       |           0 |               0 |  0 |      0 |    0 |   0 |  0 |    0 |   0 |       0 | clk_emc   |
| g2+       | 2     | BUFGCE/O        | None       |           0 |               0 |  0 |      0 |    0 |   0 |  0 |    0 |   0 |       0 | clk_gp_7  |
| g4        | 1     | BUFG_GT/O       | None       |          33 |               0 | 33 |      0 |    0 |   0 |  0 |    0 |   0 |       0 | clk_ref_2 |
| g5        | 0     | BUFG_GT/O       | None       |          33 |               0 | 33 |      0 |    0 |   0 |  0 |    0 |   0 |       0 | clk_ref_3 |
+-----------+-------+-----------------+------------+-------------+-----------------+----+--------+------+-----+----+------+-----+---------+-----------+
* Clock Loads column represents the clock pin loads (pin count)
** Non-Clock Loads column represents the non-clock pin loads (pin count)
*** Columns FF, LUTRAM, RAMB through 'Hard IP' represents load cell counts
**** In Global Id column, sympbol '+' indicates that global clock was used only to route through the clock region.


21. Clock Region Cell Placement per Global Clock: Region X2Y3
-------------------------------------------------------------

+-----------+-------+-----------------+------------+-------------+-----------------+----+--------+------+-----+----+------+-----+---------+-----------+
| Global Id | Track | Driver Type/Pin | Constraint | Clock Loads | Non-Clock Loads | FF | LUTRAM | RAMB | DSP | GT | MMCM | PLL | Hard IP | Net       |
+-----------+-------+-----------------+------------+-------------+-----------------+----+--------+------+-----+----+------+-----+---------+-----------+
| g0+       | 14    | BUFGCE/O        | None       |           0 |               0 |  0 |      0 |    0 |   0 |  0 |    0 |   0 |       0 | clk_emc   |
| g2+       | 2     | BUFGCE/O        | None       |           0 |               0 |  0 |      0 |    0 |   0 |  0 |    0 |   0 |       0 | clk_gp_7  |
| g4+       | 1     | BUFG_GT/O       | None       |           0 |               0 |  0 |      0 |    0 |   0 |  0 |    0 |   0 |       0 | clk_ref_2 |
| g7        | 0     | BUFG_GT/O       | None       |          33 |               0 | 33 |      0 |    0 |   0 |  0 |    0 |   0 |       0 | clk_ref_5 |
+-----------+-------+-----------------+------------+-------------+-----------------+----+--------+------+-----+----+------+-----+---------+-----------+
* Clock Loads column represents the clock pin loads (pin count)
** Non-Clock Loads column represents the non-clock pin loads (pin count)
*** Columns FF, LUTRAM, RAMB through 'Hard IP' represents load cell counts
**** In Global Id column, sympbol '+' indicates that global clock was used only to route through the clock region.


